2026-01-13 17:47:52.978 [INFO] - Deposit requested: ₱5000.0
2026-01-13 17:47:52.981 [INFO] - Deposit completed: ₱5000.0, New balance: ₱15000.0
2026-01-13 17:47:52.983 [INFO] - Withdrawal requested: ₱3000.0
2026-01-13 17:47:52.983 [INFO] - Withdrawal completed: ₱3000.0, New balance: ₱12000.0
2026-01-13 17:47:52.984 [INFO] - Deposit requested: ₱-500.0
2026-01-13 17:47:52.984 [ERROR] - Invalid deposit amount:-500.0
2026-01-13 17:47:52.984 [ERROR] - Deposit failed: Deposit amount must be positive
m4_activity7.InvalidAmountException: Deposit amount must be positive
	at HelloWorld/m4_activity7.BankAccount.deposit(BankAccount.java:32)
	at HelloWorld/m4_activity7.BankAccount.lambda$2(BankAccount.java:19)
	at HelloWorld/m4_activity7.BankAccount.runTest(BankAccount.java:66)
	at HelloWorld/m4_activity7.BankAccount.main(BankAccount.java:19)
2026-01-13 17:47:52.986 [INFO] - Withdrawal requested: ₱20000.0
2026-01-13 17:47:52.988 [WARN] - Insufficient funds: ₱12000.0 available
2026-01-13 17:47:52.988 [ERROR] - Withdrawal failed: Insufficient funds for withdrawal
m4_activity7.InsufficientFundsException: Insufficient funds for withdrawal
	at HelloWorld/m4_activity7.BankAccount.withdraw(BankAccount.java:54)
	at HelloWorld/m4_activity7.BankAccount.lambda$3(BankAccount.java:20)
	at HelloWorld/m4_activity7.BankAccount.runTest(BankAccount.java:66)
	at HelloWorld/m4_activity7.BankAccount.main(BankAccount.java:20)
2026-01-13 17:47:52.988 [INFO] - Deposit requested: ₱60000.0
2026-01-13 17:47:52.988 [WARN] -  Large deposit: ₱60000.0 - requires verification
2026-01-13 17:47:52.988 [INFO] - Deposit completed: ₱60000.0, New balance: ₱72000.0
