2026-01-15 17:15:23.401 [INFO] m4_activity8.BankAccount - Deposit requested: ₱5000.0
2026-01-15 17:15:23.426 [INFO] m4_activity8.BankAccount - Deposit completed: ₱5000.0, New balance: ₱15000.0
2026-01-15 17:15:23.427 [INFO] m4_activity8.BankAccount - Withdrawal requested: ₱3000.0
2026-01-15 17:15:23.428 [INFO] m4_activity8.BankAccount - Withdrawal completed: ₱3000.0, New balance: ₱12000.0
2026-01-15 17:15:23.429 [INFO] m4_activity8.BankAccount - Deposit requested: ₱-500.0
2026-01-15 17:15:23.430 [ERROR] m4_activity8.BankAccount - Invalid deposit amount:-500.0
2026-01-15 17:15:23.432 [ERROR] m4_activity8.BankAccount - Deposit failed: Deposit amount must be positive
m4_activity8.InvalidAmountException: Deposit amount must be positive
	at HelloWorld/m4_activity8.BankAccount.deposit(BankAccount.java:32)
	at HelloWorld/m4_activity8.BankAccount.lambda$2(BankAccount.java:19)
	at HelloWorld/m4_activity8.BankAccount.runTest(BankAccount.java:66)
	at HelloWorld/m4_activity8.BankAccount.main(BankAccount.java:19)
2026-01-15 17:15:23.449 [INFO] m4_activity8.BankAccount - Withdrawal requested: ₱20000.0
2026-01-15 17:15:23.450 [WARN] m4_activity8.BankAccount - Insufficient funds: ₱12000.0 available
2026-01-15 17:15:23.450 [ERROR] m4_activity8.BankAccount - Withdrawal failed: Insufficient funds for withdrawal
m4_activity8.InsufficientFundsException: Insufficient funds for withdrawal
	at HelloWorld/m4_activity8.BankAccount.withdraw(BankAccount.java:54)
	at HelloWorld/m4_activity8.BankAccount.lambda$3(BankAccount.java:20)
	at HelloWorld/m4_activity8.BankAccount.runTest(BankAccount.java:66)
	at HelloWorld/m4_activity8.BankAccount.main(BankAccount.java:20)
2026-01-15 17:15:23.451 [INFO] m4_activity8.BankAccount - Deposit requested: ₱60000.0
2026-01-15 17:15:23.451 [WARN] m4_activity8.BankAccount -  Large deposit: ₱60000.0 - requires verification
2026-01-15 17:15:23.451 [INFO] m4_activity8.BankAccount - Deposit completed: ₱60000.0, New balance: ₱72000.0
